---
source: malva/tests/fmt.rs
---
a, b {}

/* malva-ignore*/
a,b{}

/* malva-ignore for some reason */
a,b{}

a {
  /* malva-ignore */
  width   :  0;
  height: 0;
}

/* do not malva-ignore */
a, b {}

/* malva-ignore-will-not-apply */
a, b {}

// malva-ignore
a,b{}

// malva-ignore for some reason
a,b{}

a {
  // malva-ignore
  width   :  0;
  height: 0;
}

// do not malva-ignore
a, b {}

// malva-ignore-will-not-apply
a, b {}

$size: (sm: 16px, md: 24px);
