---
source: malva/tests/fmt.rs
---
a {
  prop1: func(1px, 1px, 1px, func(1px, 1px, 1px, func(1px, 1px, 1px)));
  prop2: func(1px, 1px, 1px, func(1px, 1px, 1px, func(1px, 1px, 1px)));
  prop3: func(1px, 1px, 1px, func(1px, 1px, 1px, func(1px, 1px, 1px)));
  prop4: func(1px, 1px, 1px, func(1px, 1px, 1px, func(1px, 1px, 1px)));
  prop5: func(1px, 1px, 1px, func(1px, 1px, 1px, func(1px, 1px, 1px)));
  prop6: func(1px, 1px, 1px, func(1px, 1px, 1px, func(1px, 1px, 1px)));
  prop7: func(1px, 1px, 1px, func(1px, 1px, 1px, func(1px, 1px, 1px)));
  prop8: very-very-very-very-very-very-vey-very-very-long-func(
    1px,
    1px,
    1px,
    very-very-very-very-very-very-vey-very-very-long-func(
      1px,
      1px,
      1px,
      very-very-very-very-very-very-vey-very-very-long-func(1px, 1px, 1px)
    )
  );
  prop9: very-very-very-very-very-very-vey-very-very-long-func(
    1px,
    1px,
    1px,
    very-very-very-very-very-very-vey-very-very-long-func(
      1px,
      1px,
      1px,
      very-very-very-very-very-very-vey-very-very-long-func(1px, 1px, 1px)
    )
  );
  prop10: very-very-very-very-very-very-vey-very-very-long-func(
    1px,
    1px,
    1px,
    very-very-very-very-very-very-vey-very-very-long-func(
      1px,
      1px,
      1px,
      very-very-very-very-very-very-vey-very-very-long-func(1px, 1px, 1px)
    )
  );
  prop11: very-very-very-very-very-very-vey-very-very-long-func(
    1px,
    1px,
    1px,
    very-very-very-very-very-very-vey-very-very-long-func(
      1px,
      1px,
      1px,
      very-very-very-very-very-very-vey-very-very-long-func(1px, 1px, 1px)
    )
  );
}

.bar {
  prop1: attr(data-foo);
  prop2: attr(data-foo);
  prop3: attr(data-foo);
  prop4: attr(data-foo);
  prop5: attr(data-foo);
  prop6: attr(data-foo);
  prop7: attr(data-foo);
  prop8: attr(data-foo);

  prop9: "(" attr(title) ")";
  prop10: "(" attr(title) ")";
  prop11: "(" attr(title) ")";
  prop12: "(" attr(title) ")";
  prop13: "(" attr(title) ")";
  prop14: "(" attr(title) ")";
  prop15: "(" attr(title) ")";

  prop16: attr(length em);
  prop17: attr(length em);
  prop18: attr(length em);
  prop19: attr(length em);
  prop20: attr(data-size em, 20);
  prop21: attr(data-size em, 20);
  prop22: attr(data-size em, 20);
  prop23: attr(data-size em, 20);
  prop24: attr(data-size em, 20);
  prop25: attr(data-size em, 20);
}

.bar {
  filter: progid:DXImageTransform.Microsoft.gradient(enabled="false",
    startColorstr="#fff", endColorstr="#000");
  filter: progid:DXImageTransform.Microsoft.Shadow(color="#042b47",
    Direction=45, Strength=6)
    progid:DXImageTransform.Microsoft.Shadow(color="#042b47", Direction=135,
    Strength=6);
  -ms-filter: "progid:DXImageTransform.Microsoft.gradient(startColorstr=#fad59f, endColorstr=#fa9907)";
}

.unicode-ranges {
  /* <unicode-range> values */
  unicode-range: U+26; /* single codepoint */
  unicode-range: U+0-7F;
  unicode-range: U+0025-00FF; /* codepoint range */
  unicode-range: U+4??; /* wildcard range */
  unicode-range: U+0025-00FF, U+4??; /* multiple values */
}
