---
source: malva/tests/fmt.rs
---
/*cfg linebreakInPseudoParens = true*/
:where(
  #p0:checked ~ #play:checked ~ #c1:checked,
    #p1:checked ~ #play:checked ~ #c2:checked,
    #p2:checked ~ #play:checked ~ #cO:checked
) {}
::unknown(
  #p0:checked ~ #play:checked ~ #c1:checked, #p1:checked ~ #play:checked ~ #c2:checked, #p2:checked ~ #play:checked ~ #co:checked
) {}

