---
source: malva/tests/fmt.rs
---
/*cfg linebreakInPseudoParens = true*/
:where(
  #p0:checked ~ #play:checked ~ #c1:checked,
  #p1:checked ~ #play:checked ~ #c2:checked,
  #p2:checked ~ #play:checked ~ #cO:checked
) {}
::unknown(
  #p0:checked ~ #play:checked ~ #c1:checked, #p1:checked ~ #play:checked ~ #c2:checked, #p2:checked ~ #play:checked ~ #co:checked
) {}

[data-rgh-conversation-activity-filter="hideEventsAndCollapsedComments"]
  :is(
    .rgh-conversation-activity-collapsed,
    .js-resolvable-timeline-thread-container[data-resolved="true"],
    .js-resolvable-timeline-thread-container[data-resolved="false"]
      .minimized-comment
  ) {}

/* force break */
:where(
  .a,
  .b,
  .c
) {}

@media (-webkit-min-device-pixel-ratio: 2) {
  [rgh-emphasize-draft-pr-label]
    .js-issue-row
    :is(
      /* Repo PR lists */
      [aria-label="Open draft pull request"],
      /* Global PR lists */
      [aria-label="Draft Pull Request"]
    )
    svg {}
}
